// Jest Snapshot v1, https://goo.gl/fbAQLP

exports[`ContactFormModal component should render a contact form in a modal 1`] = `
<Modal
  closable={true}
  dismissAction={[MockFunction]}
  into="body"
  mobileFullscreen={true}
  overflowHidden={true}
  primaryType="regular"
  secondaryType="secondary"
  size="xlarge"
>
  <ModalHeader>
    Edit contact
  </ModalHeader>
  <ModalContent>
    <withI18n(ContactForm)
      contact={
        Object {
          "birthday": "1959-05-15",
          "name": Object {
            "familyName": "John",
            "givenName": "Doe",
          },
        }
      }
      onSubmit={[Function]}
    />
  </ModalContent>
  <ModalFooter
    className="u-ta-right"
  >
    <DefaultButton
      label="cancel"
      onClick={[MockFunction]}
      theme="secondary"
      type="button"
    />
    <DefaultButton
      busy={false}
      label="save"
      onClick={[Function]}
      type="submit"
    />
  </ModalFooter>
</Modal>
`;
