// Jest Snapshot v1, https://goo.gl/fbAQLP

exports[`ContactCardModal test if we display the Spinner 1`] = `
<SpinnerContact
  size="xxlarge"
/>
`;

exports[`ContactCardModal test if we display the contact card 1`] = `"<div class=\\"styles__c-modal-header___hTCm5 u-flex u-flex-items-center u-flex-column-s u-pr-1-half-s\\"><div class=\\"u-flex u-flex-items-center u-flex-column-s u-flex-justify-start-s\\"><div class=\\"styles__c-avatar___PpDI- u-mb-half-s u-flex-shrink-0\\" style=\\"color: white;\\"><span class=\\"styles__c-avatar-initials___310qC\\">QV</span></div><h1 class=\\"u-title-h1 u-mv-0 u-mh-1 u-mb-half-s\\">quentin  valmori</h1></div><div class=\\"u-flex u-flex-row u-ml-auto u-ml-0-s\\"><div class=\\"u-flex-shrink-0 u-m-0\\"><div class=\\"css-1irp0at select--autowidth react-select__custom__container\\"><button type=\\"submit\\" class=\\"styles__c-btn___-2Vnj styles__c-btn--secondary___3Br_N styles__c-btn--small___3ArkI styles__c-btn--center___16_Xh\\"><span><svg class=\\"styles__icon___23x3R\\" style=\\"fill: var(--coolGrey);\\" width=\\"16\\" height=\\"16\\"><use xlink:href=\\"#icon-0\\"></use></svg><span>Manage groups</span><svg class=\\"group-manager__indicator styles__icon___23x3R\\" style=\\"fill: var(--coolGrey);\\" width=\\"12\\" height=\\"16\\"><use xlink:href=\\"#icon-0\\"></use></svg></span></button></div></div><div class=\\"styles__c-menu___2YTiU styles__c-menu--right___3wxbb u-mr-half\\"><button type=\\"submit\\" class=\\"styles__c-btn___-2Vnj styles__c-btn--secondary___3Br_N styles__c-btn--small___3ArkI styles__c-btn--narrow___27FHD styles__c-btn--center___16_Xh fix-c-btn\\" title=\\"Menu\\"><span><svg class=\\"styles__icon___23x3R\\" width=\\"12\\" height=\\"12\\" aria-hidden=\\"true\\" focusable=\\"false\\"><use xlink:href=\\"#dots\\"></use></svg><span class=\\"u-visuallyhidden\\">Menu</span></span></button></div></div></div><div class=\\"styles__c-modal-content___2av1P\\"><div class=\\"u-mb-2\\"><h3 class=\\"u-title-h2 u-mt-1-half u-mb-1\\">Groups</h3><ol class=\\"u-nolist u-m-0 u-p-0\\"><li class=\\"u-dib u-slateGrey u-fz-small u-p-half u-mr-half u-w-auto u-maw-6 u-bg-paleGrey u-ellipsis\\">2018-2019 Enseignants</li></ol></div><div><h3 class=\\"u-title-h2 u-mt-1-half u-mb-1\\">Contact informations</h3><ol class=\\"u-nolist u-m-0 u-p-0 u-pl-1-half u-pl-0-s\\"><li><div class=\\"u-flex u-mt-half\\"><div class=\\"u-mr-1 u-fz-large\\"><svg class=\\"styles__icon___23x3R\\" style=\\"fill: var(--coolGrey);\\" width=\\"16\\" height=\\"16\\"><use xlink:href=\\"#icon-0\\"></use></svg></div><div><div class=\\"u-mb-half u-breakword u-fz-medium\\"><a href=\\"tel:+33600041300\\" class=\\"u-link\\">+33600041300</a></div></div></div></li><li><div class=\\"u-flex u-mt-half\\"><div class=\\"u-mr-1 u-fz-large\\"><svg class=\\"styles__icon___23x3R\\" style=\\"fill: var(--coolGrey);\\" width=\\"16\\" height=\\"16\\"><use xlink:href=\\"#icon-0\\"></use></svg></div><div><div class=\\"u-mb-half u-breakword u-fz-medium\\"><a href=\\"mailto:quentin@cozycloud.cc\\" class=\\"u-link\\">quentin@cozycloud.cc</a></div></div></div></li><li><div class=\\"u-flex u-mt-half\\"><div class=\\"u-mr-1 u-fz-large\\"><svg class=\\"styles__icon___23x3R\\" style=\\"fill: var(--coolGrey);\\" width=\\"16\\" height=\\"16\\"><use xlink:href=\\"#icon-0\\"></use></svg></div><div><div class=\\"u-mb-half u-breakword u-fz-medium\\"><a href=\\"https://q.mycozy.cloud\\" class=\\"u-link\\">https://q.mycozy.cloud</a></div></div></div></li></ol></div></div>"`;

exports[`ContactCardModal test if we display the delete confirmation modal 1`] = `"<div class=\\"styles__c-modal-container___31zmi\\"><div class=\\"styles__c-overlay___31iWd\\"><div class=\\"styles__c-modal-wrapper___8PyE9\\"><div></div><div class=\\"styles__c-modal___33aV9 styles__c-modal--small___XUfOM styles__c-modal--closable___29CLQ\\" role=\\"dialog\\" aria-modal=\\"true\\" aria-labelledby=\\"modal_1\\"><button class=\\"styles__c-modal-close___1v2bp\\" type=\\"button\\" aria-label=\\"close\\"><svg class=\\"styles__icon___23x3R\\" style=\\"fill: var(--coolGrey);\\" width=\\"24\\" height=\\"24\\"><use xlink:href=\\"#cross\\"></use></svg></button><div class=\\"styles__c-modal-header___hTCm5\\" id=\\"modal_1\\"><h2>delete-confirmation.title</h2></div><div class=\\"styles__c-modal-content___2av1P\\">delete-confirmation.description-simple</div><div class=\\"styles__c-modal-footer___2Z4Tc\\"><div class=\\"u-flex u-flex-wrap-reverse u-flex-justify-end styles__c-modal-footer--button___1sIa4\\"><button type=\\"submit\\" class=\\"styles__c-btn___-2Vnj styles__c-btn--secondary___3Br_N styles__c-btn--center___16_Xh u-flex-auto-s\\"><span><span>cancel</span></span></button><button type=\\"submit\\" class=\\"styles__c-btn___-2Vnj styles__c-btn--danger___17T_C styles__c-btn--center___16_Xh u-flex-auto-s\\"><span><span>delete</span></span></button></div></div></div></div></div></div>"`;

exports[`ContactCardModal test if we display the edit form modal 1`] = `"<div class=\\"styles__c-modal-container___31zmi\\"><div class=\\"styles__c-overlay___31iWd\\"><div class=\\"styles__c-modal-wrapper___8PyE9 styles__c-modal-wrapper--fullscreen___3ygpX\\"><div></div><div class=\\"styles__c-modal___33aV9 styles__c-modal--xlarge___1XePQ styles__c-modal--overflowHidden___3H87t styles__c-modal--fullscreen___8xZVw styles__c-modal--closable___29CLQ\\" role=\\"dialog\\" aria-modal=\\"true\\"><button class=\\"styles__c-modal-close___1v2bp styles__c-modal-close--notitle___1rqne\\" type=\\"button\\" aria-label=\\"close\\"><svg class=\\"styles__icon___23x3R\\" style=\\"fill: var(--coolGrey);\\" width=\\"24\\" height=\\"24\\"><use xlink:href=\\"#cross\\"></use></svg></button><div class=\\"styles__c-modal-header___hTCm5\\"><h2>edit-contact</h2></div><div class=\\"styles__c-modal-content___2av1P\\"><div><form class=\\"u-flex u-flex-column u-flex-items-stretch u-flex-justify-start\\"><h3 class=\\"u-title-h2 u-mt-1-half u-mb-1\\">Contact informations</h3><div class=\\"contact-form-field\\"><label for=\\"field_3\\" class=\\"styles__c-label___o4ozG contact-form__label u-inline-flex u-flex-items-center u-mr-half\\"><svg class=\\"u-mr-1 styles__icon___23x3R\\" style=\\"fill: var(--coolGrey);\\" width=\\"16\\" height=\\"16\\"><use xlink:href=\\"#people\\"></use></svg><span class=\\"u-w-4\\">Firstname</span></label><div class=\\"contact-form__inputs-wrapper\\"><div class=\\"contact-form__input-wrapper\\"><div class=\\"contact-form__input-container\\"><input type=\\"text\\" id=\\"field_3\\" class=\\"styles__c-input-text___3TAv1 styles__c-input-text--medium___28jPV styles__c-input-text--fullwidth___33o_f contact-form__input\\" placeholder=\\"\\" name=\\"givenName\\" data-valid=\\"true\\" value=\\"quentin\\"></div></div></div></div><div class=\\"contact-form-field\\"><label for=\\"field_4\\" class=\\"styles__c-label___o4ozG contact-form__label u-inline-flex u-flex-items-center u-mr-half u-pl-0-s u-pl-2\\"><span class=\\"u-w-4\\">Lastname</span></label><div class=\\"contact-form__inputs-wrapper\\"><div class=\\"contact-form__input-wrapper\\"><div class=\\"contact-form__input-container\\"><input type=\\"text\\" id=\\"field_4\\" class=\\"styles__c-input-text___3TAv1 styles__c-input-text--medium___28jPV styles__c-input-text--fullwidth___33o_f contact-form__input\\" placeholder=\\"\\" name=\\"familyName\\" required=\\"\\" data-valid=\\"true\\" value=\\"valmori\\"></div></div></div></div><div class=\\"contact-form-field\\"><label for=\\"field_5\\" class=\\"styles__c-label___o4ozG contact-form__label u-inline-flex u-flex-items-center u-mr-half\\"><svg class=\\"u-mr-1 styles__icon___23x3R\\" style=\\"fill: var(--coolGrey);\\" width=\\"16\\" height=\\"16\\"><use xlink:href=\\"#icon-0\\"></use></svg><span class=\\"u-w-4\\">Phone</span></label><div class=\\"contact-form__inputs-wrapper\\"><div class=\\"contact-form__inputs-line\\"><div class=\\"contact-form__input-wrapper\\"><div class=\\"contact-form__input-container\\"><input type=\\"tel\\" id=\\"field_5\\" class=\\"styles__c-input-text___3TAv1 styles__c-input-text--medium___28jPV styles__c-input-text--fullwidth___33o_f contact-form__input\\" placeholder=\\"\\" name=\\"phone[0].phone\\" data-valid=\\"true\\" value=\\"+33600041300\\"></div><div class=\\"contact-form__input-container u-mt-half-s u-pl-half u-pl-0-s\\"><input type=\\"text\\" class=\\"styles__c-input-text___3TAv1 styles__c-input-text--medium___28jPV styles__c-input-text--fullwidth___33o_f contact-form__input\\" placeholder=\\"Label\\" name=\\"phone[0].phoneLabel\\" data-valid=\\"true\\" value=\\"\\"></div></div><button type=\\"button\\" class=\\"styles__c-btn___-2Vnj styles__c-btn--secondary___3Br_N styles__c-btn--center___16_Xh styles__c-btn--round___1Lkyl contact-form__meta-button u-m-0\\" title=\\"delete\\"><span><svg class=\\"styles__icon___23x3R\\" width=\\"16\\" height=\\"16\\" aria-hidden=\\"true\\" focusable=\\"false\\"><use xlink:href=\\"#cross-small\\"></use></svg><span class=\\"u-visuallyhidden\\">delete</span></span></button></div><button type=\\"button\\" class=\\"styles__c-btn___-2Vnj styles__c-btn--text___2Vp-2 styles__c-btn--center___16_Xh u-ph-0 u-mh-0\\"><span><svg class=\\"styles__icon___23x3R\\" width=\\"16\\" height=\\"16\\" aria-hidden=\\"true\\" focusable=\\"false\\"><use xlink:href=\\"#plus\\"></use></svg><span>Add a phone</span></span></button></div></div><div class=\\"contact-form-field\\"><label for=\\"field_6\\" class=\\"styles__c-label___o4ozG contact-form__label u-inline-flex u-flex-items-center u-mr-half\\"><svg class=\\"u-mr-1 styles__icon___23x3R\\" style=\\"fill: var(--coolGrey);\\" width=\\"16\\" height=\\"16\\"><use xlink:href=\\"#icon-0\\"></use></svg><span class=\\"u-w-4\\">Email</span></label><div class=\\"contact-form__inputs-wrapper\\"><div class=\\"contact-form__inputs-line\\"><div class=\\"contact-form__input-wrapper\\"><div class=\\"contact-form__input-container\\"><input type=\\"email\\" id=\\"field_6\\" class=\\"styles__c-input-text___3TAv1 styles__c-input-text--medium___28jPV styles__c-input-text--fullwidth___33o_f contact-form__input\\" placeholder=\\"\\" name=\\"email[0].email\\" data-valid=\\"true\\" value=\\"quentin@cozycloud.cc\\"></div><div class=\\"contact-form__input-container u-mt-half-s u-pl-half u-pl-0-s\\"><input type=\\"text\\" class=\\"styles__c-input-text___3TAv1 styles__c-input-text--medium___28jPV styles__c-input-text--fullwidth___33o_f contact-form__input\\" placeholder=\\"Label\\" name=\\"email[0].emailLabel\\" data-valid=\\"true\\" value=\\"\\"></div></div><button type=\\"button\\" class=\\"styles__c-btn___-2Vnj styles__c-btn--secondary___3Br_N styles__c-btn--center___16_Xh styles__c-btn--round___1Lkyl contact-form__meta-button u-m-0\\" title=\\"delete\\"><span><svg class=\\"styles__icon___23x3R\\" width=\\"16\\" height=\\"16\\" aria-hidden=\\"true\\" focusable=\\"false\\"><use xlink:href=\\"#cross-small\\"></use></svg><span class=\\"u-visuallyhidden\\">delete</span></span></button></div><button type=\\"button\\" class=\\"styles__c-btn___-2Vnj styles__c-btn--text___2Vp-2 styles__c-btn--center___16_Xh u-ph-0 u-mh-0\\"><span><svg class=\\"styles__icon___23x3R\\" width=\\"16\\" height=\\"16\\" aria-hidden=\\"true\\" focusable=\\"false\\"><use xlink:href=\\"#plus\\"></use></svg><span>Add an email</span></span></button></div></div><div class=\\"contact-form-field\\"><label for=\\"field_7\\" class=\\"styles__c-label___o4ozG contact-form__label u-inline-flex u-flex-items-center u-mr-half\\"><svg class=\\"u-mr-1 styles__icon___23x3R\\" style=\\"fill: var(--coolGrey);\\" width=\\"16\\" height=\\"16\\"><use xlink:href=\\"#icon-0\\"></use></svg><span class=\\"u-w-4\\">Address</span></label><div class=\\"contact-form__inputs-wrapper\\"><div class=\\"contact-form__inputs-line\\"><div class=\\"contact-form__input-wrapper\\"><div class=\\"contact-form__input-container\\"><input type=\\"text\\" id=\\"field_7\\" class=\\"styles__c-input-text___3TAv1 styles__c-input-text--medium___28jPV styles__c-input-text--fullwidth___33o_f contact-form__input\\" placeholder=\\"\\" name=\\"address[0].address\\" data-valid=\\"true\\" value=\\"\\"></div></div></div><button type=\\"button\\" class=\\"styles__c-btn___-2Vnj styles__c-btn--text___2Vp-2 styles__c-btn--center___16_Xh u-ph-0 u-mh-0\\"><span><svg class=\\"styles__icon___23x3R\\" width=\\"16\\" height=\\"16\\" aria-hidden=\\"true\\" focusable=\\"false\\"><use xlink:href=\\"#plus\\"></use></svg><span>Add an address</span></span></button></div></div><div class=\\"contact-form-field\\"><label for=\\"field_8\\" class=\\"styles__c-label___o4ozG contact-form__label u-inline-flex u-flex-items-center u-mr-half\\"><svg class=\\"u-mr-1 styles__icon___23x3R\\" style=\\"fill: var(--coolGrey);\\" width=\\"16\\" height=\\"16\\"><use xlink:href=\\"#icon-0\\"></use></svg><span class=\\"u-w-4\\">Cozy URL</span></label><div class=\\"contact-form__inputs-wrapper\\"><div class=\\"contact-form__input-wrapper\\"><div class=\\"contact-form__input-container\\"><input type=\\"url\\" id=\\"field_8\\" class=\\"styles__c-input-text___3TAv1 styles__c-input-text--medium___28jPV styles__c-input-text--fullwidth___33o_f contact-form__input\\" placeholder=\\"\\" name=\\"cozy\\" data-valid=\\"true\\" value=\\"https://q.mycozy.cloud\\"></div><div class=\\"contact-form__input-container u-mt-half-s u-pl-half u-pl-0-s\\"><input type=\\"text\\" class=\\"styles__c-input-text___3TAv1 styles__c-input-text--medium___28jPV styles__c-input-text--fullwidth___33o_f contact-form__input\\" placeholder=\\"Label\\" name=\\"cozyLabel\\" data-valid=\\"true\\" value=\\"\\"></div></div></div></div><div class=\\"contact-form-field\\"><label for=\\"field_9\\" class=\\"styles__c-label___o4ozG contact-form__label u-inline-flex u-flex-items-center u-mr-half\\"><svg class=\\"u-mr-1 styles__icon___23x3R\\" style=\\"fill: var(--coolGrey);\\" width=\\"16\\" height=\\"16\\"><use xlink:href=\\"#icon-0\\"></use></svg><span class=\\"u-w-4\\">Company</span></label><div class=\\"contact-form__inputs-wrapper\\"><div class=\\"contact-form__input-wrapper\\"><div class=\\"contact-form__input-container\\"><input type=\\"text\\" id=\\"field_9\\" class=\\"styles__c-input-text___3TAv1 styles__c-input-text--medium___28jPV styles__c-input-text--fullwidth___33o_f contact-form__input\\" placeholder=\\"\\" name=\\"company\\" data-valid=\\"true\\" value=\\"\\"></div></div></div></div><div class=\\"contact-form-field\\"><label for=\\"field_10\\" class=\\"styles__c-label___o4ozG contact-form__label u-inline-flex u-flex-items-center u-mr-half\\"><svg class=\\"u-mr-1 styles__icon___23x3R\\" style=\\"fill: var(--coolGrey);\\" width=\\"16\\" height=\\"16\\"><use xlink:href=\\"#icon-0\\"></use></svg><span class=\\"u-w-4\\">Birthday</span></label><div class=\\"contact-form__inputs-wrapper\\"><div class=\\"contact-form__input-wrapper\\"><div class=\\"contact-form__input-container\\"><input type=\\"date\\" id=\\"field_10\\" class=\\"styles__c-input-text___3TAv1 styles__c-input-text--medium___28jPV styles__c-input-text--fullwidth___33o_f contact-form__input\\" placeholder=\\"\\" name=\\"birthday\\" data-valid=\\"true\\" value=\\"\\"></div></div></div></div><div class=\\"contact-form-field\\"><label for=\\"field_11\\" class=\\"styles__c-label___o4ozG contact-form__label u-inline-flex u-flex-items-center u-mr-half\\"><svg class=\\"u-mr-1 styles__icon___23x3R\\" style=\\"fill: var(--coolGrey);\\" width=\\"16\\" height=\\"16\\"><use xlink:href=\\"#icon-0\\"></use></svg><span class=\\"u-w-4\\">Notes</span></label><div class=\\"contact-form__inputs-wrapper\\"><div class=\\"contact-form__input-wrapper\\"><div class=\\"contact-form__input-container\\"><textarea placeholder=\\"\\" class=\\"styles__c-textarea___D7EEH styles__c-textarea--medium___T8f3b styles__c-textarea--fullwidth___Ih_mg contact-form__input\\" name=\\"note\\" id=\\"field_11\\" type=\\"textarea\\" data-valid=\\"true\\"></textarea></div></div></div></div></form></div></div><div class=\\"styles__c-modal-footer___2Z4Tc u-ta-right\\"><button type=\\"button\\" class=\\"styles__c-btn___-2Vnj styles__c-btn--secondary___3Br_N styles__c-btn--center___16_Xh\\"><span><span>Cancel</span></span></button><button type=\\"submit\\" class=\\"styles__c-btn___-2Vnj styles__c-btn--center___16_Xh\\"><span><span>Save</span></span></button></div></div></div></div></div>"`;
