// Jest Snapshot v1, https://goo.gl/fbAQLP

exports[`ContactListItem should match the contact snapshot 1`] = `
<li
  className="MuiListItem-root u-c-pointer MuiListItem-gutters"
  data-testid="contact-listItem"
  disabled={false}
  onClick={[Function]}
>
  <div
    className="contact-selection"
    onClick={[Function]}
  >
    <span
      data-input="checkbox"
    >
      <input
        checked={false}
        readOnly={true}
        type="checkbox"
      />
      <label />
    </span>
  </div>
  <div
    className="styles__TableCell___yJCq7 contact-identity u-flex u-flex-items-center u-ellipsis"
  >
    <div
      className="styles__c-avatar___PpDI- styles__c-avatar--text___2dvna"
      style={
        Object {
          "--circleSize": "32px",
          "backgroundColor": "var(--brightSun)",
        }
      }
    >
      
      <span
        className="styles__c-avatar-initials___310qC"
      >
        JD
      </span>
    </div>
    <p
      className="MuiTypography-root u-ml-1 MuiTypography-body1 MuiTypography-noWrap MuiTypography-gutterBottom"
      inline={true}
    >
      <span
        className=""
      >
        John
         
      </span>
      <span
        className="u-fw-bold"
      >
        Doe
         
      </span>
    </p>
  </div>
  <div
    className="styles__TableCell___yJCq7 contact-email u-ellipsis"
  >
    johndoe@localhost
  </div>
  <div
    className="styles__TableCell___yJCq7 contact-phone u-ellipsis"
  >
    0123456789
  </div>
  <div
    className="styles__TableCell___yJCq7 contact-cozyurl u-ellipsis"
  >
    http://johndoe.mycozy.cloud
  </div>
</li>
`;
