// Jest Snapshot v1, https://goo.gl/fbAQLP

exports[`ContactAccounts component should render a list of contact accounts 1`] = `
Array [
  <h3
    className="u-title-h2 u-mt-1-half u-mb-1"
  >
    Account linked to this contact
  </h3>,
  <ol
    className="u-nolist u-m-0 u-p-0 u-pl-1-half u-pl-0-s"
  >
    <li>
      <div
        className="u-flex u-mt-1 u-mb-half"
      >
        <div
          className="u-mr-1"
        >
          <svg
            className="styles__icon___23x3R"
            height="16"
            style={Object {}}
            width="16"
          >
            <use
              xlinkHref="#google"
            />
          </svg>
        </div>
        <div>
          <div
            className="u-mb-half u-breakword"
          >
            <p
              className="MuiTypography-root-1 MuiTypography-body1-10"
            >
              Google
            </p>
            <span
              className="MuiTypography-root-1 MuiTypography-caption-11 MuiTypography-colorTextSecondary-34"
            >
              john.doe@gmail.com
            </span>
          </div>
        </div>
      </div>
    </li>
  </ol>,
]
`;
