// Jest Snapshot v1, https://goo.gl/fbAQLP

exports[`ContactCard should match snapshot 1`] = `
<div>
  <div
    className="contact-card-identity"
  >
    <div
      className="c-avatar c-avatar--medium"
      style={
        Object {
          "backgroundColor": "#FD7461",
          "color": "white",
        }
      }
    >
      
      <span
        className="c-avatar-initials"
      >
        RW
      </span>
    </div>
    <div
      className="contact-card-identity__infos"
    >
      <h1
        className="contact-card-identity__title"
      >
        Rikki  White
      </h1>
      <div
        className="contact-card-identity__groups"
      >
        <div
          className="react-select__container css-1c6nt7d"
          onKeyDown={[Function]}
        >
          <span
            aria-atomic="true"
            aria-live="polite"
            className="css-17l7ekz"
            role="status"
          >
            0 results available.
          </span>
          <div
            innerRef={[Function]}
            onMouseDown={[Function]}
            onTouchEnd={[Function]}
          >
            <button
              aria-busy={false}
              className="c-btn c-btn--secondary c-btn--small"
              disabled={false}
              onClick={null}
              role="button"
              type="submit"
            >
              <span>
                <svg
                  className="icon"
                  height="16"
                  style={
                    Object {
                      "fill": "#95999D",
                    }
                  }
                  width="16"
                >
                  <use
                    xlinkHref="#icon-0"
                  />
                </svg>
                groups.manage
                <svg
                  className="icon group-manager__indicator"
                  height="16"
                  style={
                    Object {
                      "fill": "#95999D",
                    }
                  }
                  width="12"
                >
                  <use
                    xlinkHref="#icon-0"
                  />
                </svg>
              </span>
            </button>
            <div
              className="select-control__input"
            >
              <div
                className="react-select__value-container react-select__value-container--isMulti css-6rkci4"
              >
                <div
                  className="react-select__placeholder css-16ucli7"
                >
                  Select...
                </div>
                <input
                  className="css-hg63qv"
                  onBlur={[Function]}
                  onChange={[Function]}
                  onFocus={[Function]}
                  readOnly={true}
                  value=""
                />
              </div>
              <div
                className="react-select__indicators css-1lfa1d8"
              >
                <span
                  className="react-select__indicator-separator css-1cnd6ox"
                  css={undefined}
                  role="presentation"
                />
                <div
                  className="react-select__indicator react-select__dropdown-indicator css-1c0gw5t"
                  css={undefined}
                  onMouseDown={[Function]}
                  onTouchEnd={[Function]}
                  role="button"
                >
                  <svg
                    className="react-select__icon react-select__down-icon css-qyb9b"
                    focusable="false"
                    height={20}
                    role="presentation"
                    viewBox="0 0 20 20"
                    width={20}
                  >
                    <path
                      d="M4.516 7.548c0.436-0.446 1.043-0.481 1.576 0l3.908 3.747 3.908-3.747c0.533-0.481 1.141-0.446 1.574 0 0.436 0.445 0.408 1.197 0 1.615-0.406 0.418-4.695 4.502-4.695 4.502-0.217 0.223-0.502 0.335-0.787 0.335s-0.57-0.112-0.789-0.335c0 0-4.287-4.084-4.695-4.502s-0.436-1.17 0-1.615z"
                    />
                  </svg>
                </div>
              </div>
            </div>
          </div>
        </div>
        <ol
          className="contact-groups-list"
        />
      </div>
    </div>
  </div>
  <div>
    <h3
      className="contact-fields-title"
    >
      title
    </h3>
    <ol
      className="contact-field-list"
    >
      <li>
        <div
          className="contact-field"
        >
          <div
            className="contact-field-icon"
          >
            <svg
              className="icon"
              height="16"
              style={
                Object {
                  "fill": "#95999D",
                }
              }
              width="16"
            >
              <use
                xlinkHref="#icon-0"
              />
            </svg>
          </div>
          <div>
            <div
              className="contact-field-value"
            >
              <a
                href="tel:+33 (1)9 14 02 28 31"
              >
                +33 (1)9 14 02 28 31
              </a>
            </div>
            <div
              className="contact-field-value"
            >
              <a
                href="tel:+33 (2)3 99 53 65 21"
              >
                +33 (2)3 99 53 65 21
              </a>
            </div>
          </div>
        </div>
      </li>
      <li>
        <div
          className="contact-field"
        >
          <div
            className="contact-field-icon"
          >
            <svg
              className="icon"
              height="16"
              style={
                Object {
                  "fill": "#95999D",
                }
              }
              width="16"
            >
              <use
                xlinkHref="#icon-0"
              />
            </svg>
          </div>
          <div>
            <div
              className="contact-field-value"
            >
              <a
                href="mailto:rikki.white@celmax.name"
              >
                rikki.white@celmax.name
              </a>
            </div>
            <div
              className="contact-field-value"
            >
              <a
                href="mailto:eleanore.fennell@thermolock.name"
              >
                eleanore.fennell@thermolock.name
              </a>
            </div>
          </div>
        </div>
      </li>
      <li>
        <div
          className="contact-field"
        >
          <div
            className="contact-field-icon"
          >
            <svg
              className="icon"
              height="16"
              style={
                Object {
                  "fill": "#95999D",
                }
              }
              width="16"
            >
              <use
                xlinkHref="#icon-0"
              />
            </svg>
          </div>
          <div>
            <div
              className="contact-field-value"
            >
              formatted_address
            </div>
          </div>
        </div>
      </li>
      <li>
        <div
          className="contact-field"
        >
          <div
            className="contact-field-icon"
          >
            <svg
              className="icon"
              height="16"
              style={
                Object {
                  "fill": "#95999D",
                }
              }
              width="16"
            >
              <use
                xlinkHref="#icon-0"
              />
            </svg>
          </div>
          <div>
            <div
              className="contact-field-value"
            >
              1998-6-3
            </div>
          </div>
        </div>
      </li>
      <li>
        <div
          className="contact-field"
        >
          <div
            className="contact-field-icon"
          >
            <svg
              className="icon"
              height="16"
              style={
                Object {
                  "fill": "#95999D",
                }
              }
              width="16"
            >
              <use
                xlinkHref="#icon-0"
              />
            </svg>
          </div>
          <div>
            <div
              className="contact-field-value"
            >
              unsupportedField
            </div>
          </div>
        </div>
      </li>
    </ol>
  </div>
</div>
`;
