// Jest Snapshot v1, https://goo.gl/fbAQLP

exports[`ContactGroupManager should display the group select 1`] = `
<div
  className="css-1irp0at select--autowidth"
  onKeyDown={[Function]}
>
  <button
    className="styles__c-btn___-2Vnj styles__c-btn--secondary___3Br_N styles__c-btn--small___3ArkI"
    onClick={[Function]}
    title={null}
    type="submit"
  >
    <span>
      <svg
        className="styles__icon___23x3R"
        height="16"
        style={
          Object {
            "fill": "var(--coolGrey)",
          }
        }
        width="16"
      >
        <use
          xlinkHref="#icon-0"
        />
      </svg>
      <span
        className={null}
      >
        Manage groups
      </span>
      <svg
        className="group-manager__indicator styles__icon___23x3R"
        height="16"
        style={
          Object {
            "fill": "var(--coolGrey)",
          }
        }
        width="12"
      >
        <use
          xlinkHref="#icon-0"
        />
      </svg>
    </span>
  </button>
</div>
`;
